#! /c/Source/iverilog-install/bin/vvp
:ivl_version "12.0 (devel)" "(s20150603-1539-g2693dd32b)";
:ivl_delay_selection "TYPICAL";
:vpi_time_precision + 0;
:vpi_module "F:\iverilog\lib\ivl\system.vpi";
:vpi_module "F:\iverilog\lib\ivl\vhdl_sys.vpi";
:vpi_module "F:\iverilog\lib\ivl\vhdl_textio.vpi";
:vpi_module "F:\iverilog\lib\ivl\v2005_math.vpi";
:vpi_module "F:\iverilog\lib\ivl\va_math.vpi";
S_000001804f57e800 .scope module, "tb" "tb" 2 3;
 .timescale 0 0;
v000001804f568240_0 .var "CLK", 0 0;
v000001804f5d5560_0 .var "IN", 7 0;
v000001804f5d52e0_0 .var "INADDRESS", 2 0;
v000001804f5d4c00_0 .net "OUT1", 7 0, v000001804f568ba0_0;  1 drivers
v000001804f5d5420_0 .var "OUT1ADDRESS", 2 0;
v000001804f5d54c0_0 .net "OUT2", 7 0, v000001804f5682e0_0;  1 drivers
v000001804f5d4b60_0 .var "OUT2ADDRESS", 2 0;
v000001804f5d4700_0 .var "RESET", 0 0;
v000001804f5d4840_0 .var "WRITE", 0 0;
S_000001804f57e990 .scope module, "file" "reg_file" 2 11, 3 1 0, S_000001804f57e800;
 .timescale 0 0;
    .port_info 0 /INPUT 8 "IN";
    .port_info 1 /OUTPUT 8 "OUT1";
    .port_info 2 /OUTPUT 8 "OUT2";
    .port_info 3 /INPUT 3 "INADDRESS";
    .port_info 4 /INPUT 3 "OUT1ADDRESS";
    .port_info 5 /INPUT 3 "OUT2ADDRESS";
    .port_info 6 /INPUT 1 "WRITE";
    .port_info 7 /INPUT 1 "CLK";
    .port_info 8 /INPUT 1 "RESET";
v000001804f568600_0 .net "CLK", 0 0, v000001804f568240_0;  1 drivers
v000001804f568c40_0 .net "IN", 7 0, v000001804f5d5560_0;  1 drivers
v000001804f568e20_0 .net "INADDRESS", 2 0, v000001804f5d52e0_0;  1 drivers
v000001804f568ba0_0 .var "OUT1", 7 0;
v000001804f568920_0 .net "OUT1ADDRESS", 2 0, v000001804f5d5420_0;  1 drivers
v000001804f5682e0_0 .var "OUT2", 7 0;
v000001804f568ec0_0 .net "OUT2ADDRESS", 2 0, v000001804f5d4b60_0;  1 drivers
v000001804f5686a0_0 .net "RESET", 0 0, v000001804f5d4700_0;  1 drivers
v000001804f568740_0 .net "WRITE", 0 0, v000001804f5d4840_0;  1 drivers
v000001804f568f60_0 .var "register0", 7 0;
v000001804f5687e0_0 .var "register1", 7 0;
v000001804f568a60_0 .var "register2", 7 0;
v000001804f568d80_0 .var "register3", 7 0;
v000001804f569000_0 .var "register4", 7 0;
v000001804f568880_0 .var "register5", 7 0;
v000001804f5690a0_0 .var "register6", 7 0;
v000001804f569140_0 .var "register7", 7 0;
E_000001804f5695b0 .event posedge, v000001804f568600_0;
E_000001804f56a2f0/0 .event anyedge, v000001804f569140_0, v000001804f5690a0_0, v000001804f568880_0, v000001804f569000_0;
E_000001804f56a2f0/1 .event anyedge, v000001804f568d80_0, v000001804f568a60_0, v000001804f5687e0_0, v000001804f568f60_0;
E_000001804f56a2f0/2 .event anyedge, v000001804f568ec0_0;
E_000001804f56a2f0 .event/or E_000001804f56a2f0/0, E_000001804f56a2f0/1, E_000001804f56a2f0/2;
E_000001804f56a170/0 .event anyedge, v000001804f569140_0, v000001804f5690a0_0, v000001804f568880_0, v000001804f569000_0;
E_000001804f56a170/1 .event anyedge, v000001804f568d80_0, v000001804f568a60_0, v000001804f5687e0_0, v000001804f568f60_0;
E_000001804f56a170/2 .event anyedge, v000001804f568920_0;
E_000001804f56a170 .event/or E_000001804f56a170/0, E_000001804f56a170/1, E_000001804f56a170/2;
    .scope S_000001804f57e990;
T_0 ;
    %wait E_000001804f56a170;
    %load/vec4 v000001804f568920_0;
    %dup/vec4;
    %pushi/vec4 0, 0, 3;
    %cmp/u;
    %jmp/1 T_0.0, 6;
    %dup/vec4;
    %pushi/vec4 1, 0, 3;
    %cmp/u;
    %jmp/1 T_0.1, 6;
    %dup/vec4;
    %pushi/vec4 2, 0, 3;
    %cmp/u;
    %jmp/1 T_0.2, 6;
    %dup/vec4;
    %pushi/vec4 3, 0, 3;
    %cmp/u;
    %jmp/1 T_0.3, 6;
    %dup/vec4;
    %pushi/vec4 4, 0, 3;
    %cmp/u;
    %jmp/1 T_0.4, 6;
    %dup/vec4;
    %pushi/vec4 5, 0, 3;
    %cmp/u;
    %jmp/1 T_0.5, 6;
    %dup/vec4;
    %pushi/vec4 6, 0, 3;
    %cmp/u;
    %jmp/1 T_0.6, 6;
    %dup/vec4;
    %pushi/vec4 7, 0, 3;
    %cmp/u;
    %jmp/1 T_0.7, 6;
    %delay 2, 0;
    %pushi/vec4 0, 0, 8;
    %store/vec4 v000001804f568ba0_0, 0, 8;
    %jmp T_0.9;
T_0.0 ;
    %delay 2, 0;
    %load/vec4 v000001804f568f60_0;
    %store/vec4 v000001804f568ba0_0, 0, 8;
    %jmp T_0.9;
T_0.1 ;
    %delay 2, 0;
    %load/vec4 v000001804f5687e0_0;
    %store/vec4 v000001804f568ba0_0, 0, 8;
    %jmp T_0.9;
T_0.2 ;
    %delay 2, 0;
    %load/vec4 v000001804f568a60_0;
    %store/vec4 v000001804f568ba0_0, 0, 8;
    %jmp T_0.9;
T_0.3 ;
    %delay 2, 0;
    %load/vec4 v000001804f568d80_0;
    %store/vec4 v000001804f568ba0_0, 0, 8;
    %jmp T_0.9;
T_0.4 ;
    %delay 2, 0;
    %load/vec4 v000001804f569000_0;
    %store/vec4 v000001804f568ba0_0, 0, 8;
    %jmp T_0.9;
T_0.5 ;
    %delay 2, 0;
    %load/vec4 v000001804f568880_0;
    %store/vec4 v000001804f568ba0_0, 0, 8;
    %jmp T_0.9;
T_0.6 ;
    %delay 2, 0;
    %load/vec4 v000001804f5690a0_0;
    %store/vec4 v000001804f568ba0_0, 0, 8;
    %jmp T_0.9;
T_0.7 ;
    %delay 2, 0;
    %load/vec4 v000001804f569140_0;
    %store/vec4 v000001804f568ba0_0, 0, 8;
    %jmp T_0.9;
T_0.9 ;
    %pop/vec4 1;
    %jmp T_0;
    .thread T_0, $push;
    .scope S_000001804f57e990;
T_1 ;
    %wait E_000001804f56a2f0;
    %load/vec4 v000001804f568ec0_0;
    %dup/vec4;
    %pushi/vec4 0, 0, 3;
    %cmp/u;
    %jmp/1 T_1.0, 6;
    %dup/vec4;
    %pushi/vec4 1, 0, 3;
    %cmp/u;
    %jmp/1 T_1.1, 6;
    %dup/vec4;
    %pushi/vec4 2, 0, 3;
    %cmp/u;
    %jmp/1 T_1.2, 6;
    %dup/vec4;
    %pushi/vec4 3, 0, 3;
    %cmp/u;
    %jmp/1 T_1.3, 6;
    %dup/vec4;
    %pushi/vec4 4, 0, 3;
    %cmp/u;
    %jmp/1 T_1.4, 6;
    %dup/vec4;
    %pushi/vec4 5, 0, 3;
    %cmp/u;
    %jmp/1 T_1.5, 6;
    %dup/vec4;
    %pushi/vec4 6, 0, 3;
    %cmp/u;
    %jmp/1 T_1.6, 6;
    %dup/vec4;
    %pushi/vec4 7, 0, 3;
    %cmp/u;
    %jmp/1 T_1.7, 6;
    %delay 2, 0;
    %pushi/vec4 0, 0, 8;
    %store/vec4 v000001804f5682e0_0, 0, 8;
    %jmp T_1.9;
T_1.0 ;
    %delay 2, 0;
    %load/vec4 v000001804f568f60_0;
    %store/vec4 v000001804f5682e0_0, 0, 8;
    %jmp T_1.9;
T_1.1 ;
    %delay 2, 0;
    %load/vec4 v000001804f5687e0_0;
    %store/vec4 v000001804f5682e0_0, 0, 8;
    %jmp T_1.9;
T_1.2 ;
    %delay 2, 0;
    %load/vec4 v000001804f568a60_0;
    %store/vec4 v000001804f5682e0_0, 0, 8;
    %jmp T_1.9;
T_1.3 ;
    %delay 2, 0;
    %load/vec4 v000001804f568d80_0;
    %store/vec4 v000001804f5682e0_0, 0, 8;
    %jmp T_1.9;
T_1.4 ;
    %delay 2, 0;
    %load/vec4 v000001804f569000_0;
    %store/vec4 v000001804f5682e0_0, 0, 8;
    %jmp T_1.9;
T_1.5 ;
    %delay 2, 0;
    %load/vec4 v000001804f568880_0;
    %store/vec4 v000001804f5682e0_0, 0, 8;
    %jmp T_1.9;
T_1.6 ;
    %delay 2, 0;
    %load/vec4 v000001804f5690a0_0;
    %store/vec4 v000001804f5682e0_0, 0, 8;
    %jmp T_1.9;
T_1.7 ;
    %delay 2, 0;
    %load/vec4 v000001804f569140_0;
    %store/vec4 v000001804f5682e0_0, 0, 8;
    %jmp T_1.9;
T_1.9 ;
    %pop/vec4 1;
    %jmp T_1;
    .thread T_1, $push;
    .scope S_000001804f57e990;
T_2 ;
    %wait E_000001804f5695b0;
    %load/vec4 v000001804f568740_0;
    %flag_set/vec4 9;
    %flag_get/vec4 9;
    %jmp/0 T_2.2, 9;
    %load/vec4 v000001804f5686a0_0;
    %inv;
    %and;
T_2.2;
    %flag_set/vec4 8;
    %jmp/0xz  T_2.0, 8;
    %load/vec4 v000001804f568e20_0;
    %dup/vec4;
    %pushi/vec4 0, 0, 3;
    %cmp/u;
    %jmp/1 T_2.3, 6;
    %dup/vec4;
    %pushi/vec4 1, 0, 3;
    %cmp/u;
    %jmp/1 T_2.4, 6;
    %dup/vec4;
    %pushi/vec4 2, 0, 3;
    %cmp/u;
    %jmp/1 T_2.5, 6;
    %dup/vec4;
    %pushi/vec4 3, 0, 3;
    %cmp/u;
    %jmp/1 T_2.6, 6;
    %dup/vec4;
    %pushi/vec4 4, 0, 3;
    %cmp/u;
    %jmp/1 T_2.7, 6;
    %dup/vec4;
    %pushi/vec4 5, 0, 3;
    %cmp/u;
    %jmp/1 T_2.8, 6;
    %dup/vec4;
    %pushi/vec4 6, 0, 3;
    %cmp/u;
    %jmp/1 T_2.9, 6;
    %dup/vec4;
    %pushi/vec4 7, 0, 3;
    %cmp/u;
    %jmp/1 T_2.10, 6;
    %delay 1, 0;
    %pushi/vec4 0, 0, 8;
    %store/vec4 v000001804f568f60_0, 0, 8;
    %jmp T_2.12;
T_2.3 ;
    %delay 1, 0;
    %load/vec4 v000001804f568c40_0;
    %store/vec4 v000001804f568f60_0, 0, 8;
    %jmp T_2.12;
T_2.4 ;
    %delay 1, 0;
    %load/vec4 v000001804f568c40_0;
    %store/vec4 v000001804f5687e0_0, 0, 8;
    %jmp T_2.12;
T_2.5 ;
    %delay 1, 0;
    %load/vec4 v000001804f568c40_0;
    %store/vec4 v000001804f568a60_0, 0, 8;
    %jmp T_2.12;
T_2.6 ;
    %delay 1, 0;
    %load/vec4 v000001804f568c40_0;
    %store/vec4 v000001804f568d80_0, 0, 8;
    %jmp T_2.12;
T_2.7 ;
    %delay 1, 0;
    %load/vec4 v000001804f568c40_0;
    %store/vec4 v000001804f569000_0, 0, 8;
    %jmp T_2.12;
T_2.8 ;
    %delay 1, 0;
    %load/vec4 v000001804f568c40_0;
    %store/vec4 v000001804f568880_0, 0, 8;
    %jmp T_2.12;
T_2.9 ;
    %delay 1, 0;
    %load/vec4 v000001804f568c40_0;
    %store/vec4 v000001804f5690a0_0, 0, 8;
    %jmp T_2.12;
T_2.10 ;
    %delay 1, 0;
    %load/vec4 v000001804f568c40_0;
    %store/vec4 v000001804f569140_0, 0, 8;
    %jmp T_2.12;
T_2.12 ;
    %pop/vec4 1;
T_2.0 ;
    %load/vec4 v000001804f5686a0_0;
    %flag_set/vec4 8;
    %jmp/0xz  T_2.13, 8;
    %pushi/vec4 0, 0, 8;
    %store/vec4 v000001804f568f60_0, 0, 8;
    %pushi/vec4 0, 0, 8;
    %store/vec4 v000001804f5687e0_0, 0, 8;
    %pushi/vec4 0, 0, 8;
    %store/vec4 v000001804f568a60_0, 0, 8;
    %pushi/vec4 0, 0, 8;
    %store/vec4 v000001804f568d80_0, 0, 8;
    %pushi/vec4 0, 0, 8;
    %store/vec4 v000001804f569000_0, 0, 8;
    %pushi/vec4 0, 0, 8;
    %store/vec4 v000001804f568880_0, 0, 8;
    %pushi/vec4 0, 0, 8;
    %store/vec4 v000001804f5690a0_0, 0, 8;
    %pushi/vec4 0, 0, 8;
    %store/vec4 v000001804f569140_0, 0, 8;
T_2.13 ;
    %jmp T_2;
    .thread T_2;
    .scope S_000001804f57e800;
T_3 ;
    %pushi/vec4 0, 0, 8;
    %store/vec4 v000001804f5d5560_0, 0, 8;
    %pushi/vec4 0, 0, 3;
    %store/vec4 v000001804f5d52e0_0, 0, 3;
    %pushi/vec4 0, 0, 3;
    %store/vec4 v000001804f5d5420_0, 0, 3;
    %pushi/vec4 1, 0, 3;
    %store/vec4 v000001804f5d4b60_0, 0, 3;
    %pushi/vec4 0, 0, 1;
    %store/vec4 v000001804f5d4840_0, 0, 1;
    %pushi/vec4 0, 0, 1;
    %store/vec4 v000001804f568240_0, 0, 1;
    %pushi/vec4 0, 0, 1;
    %store/vec4 v000001804f5d4700_0, 0, 1;
    %delay 3, 0;
    %pushi/vec4 1, 0, 1;
    %store/vec4 v000001804f5d4840_0, 0, 1;
    %pushi/vec4 10, 0, 8;
    %store/vec4 v000001804f5d5560_0, 0, 8;
    %pushi/vec4 1, 0, 1;
    %store/vec4 v000001804f5d4700_0, 0, 1;
    %end;
    .thread T_3;
    .scope S_000001804f57e800;
T_4 ;
    %delay 10, 0;
    %load/vec4 v000001804f568240_0;
    %inv;
    %store/vec4 v000001804f568240_0, 0, 1;
    %jmp T_4;
    .thread T_4;
    .scope S_000001804f57e800;
T_5 ;
    %delay 50, 0;
    %vpi_call 2 27 "$finish" {0 0 0};
    %end;
    .thread T_5;
    .scope S_000001804f57e800;
T_6 ;
    %vpi_call 2 30 "$monitor", $time, "%d | %d  %d | inA %d OutA %d %d | %d %d %d", v000001804f5d5560_0, v000001804f5d4c00_0, v000001804f5d54c0_0, v000001804f5d52e0_0, v000001804f5d5420_0, v000001804f5d4b60_0, v000001804f5d4840_0, v000001804f568240_0, v000001804f5d4700_0 {0 0 0};
    %end;
    .thread T_6;
# The file index is used to find the file name in the following table.
:file_names 4;
    "N/A";
    "<interactive>";
    "test1_tb.v";
    "./test1.v";
